21:51:13 **** Incremental Build of configuration Debug for project Practica 1 ****
make -j8 all 
arm-none-eabi-gcc "../Core/Src/main.c" -mcpu=cortex-m4 -std=gnu11 -g3 -DDEBUG -DUSE_HAL_DRIVER -DSTM32F401xC -c -I../Core/Inc -I../Drivers/STM32F4xx_HAL_Driver/Inc -I../Drivers/STM32F4xx_HAL_Driver/Inc/Legacy -I../Drivers/CMSIS/Device/ST/STM32F4xx/Include -I../Drivers/CMSIS/Include -O0 -ffunction-sections -fdata-sections -Wall -fstack-usage -fcyclomatic-complexity -MMD -MP -MF"Core/Src/main.d" -MT"Core/Src/main.o" --specs=nano.specs -mfpu=fpv4-sp-d16 -mfloat-abi=hard -mthumb -o "Core/Src/main.o"
arm-none-eabi-gcc -o "Practica 1.elf" @"objects.list"   -mcpu=cortex-m4 -T"/home/ubuntu22/CESE/001ProgDeMicro/PdM_workspace/Practica 1/STM32F401CCUX_FLASH.ld" --specs=nosys.specs -Wl,-Map="Practica 1.map" -Wl,--gc-sections -static --specs=nano.specs -mfpu=fpv4-sp-d16 -mfloat-abi=hard -mthumb -Wl,--start-group -lc -lm -Wl,--end-group
Finished building target: Practica 1.elf
 
arm-none-eabi-size   Practica\ 1.elf 
arm-none-eabi-objdump -h -S  Practica\ 1.elf  > "Practica 1.list"
   text	   data	    bss	    dec	    hex	filename
   6068	     24	   1576	   7668	   1df4	Practica 1.elf
Finished building: default.size.stdout
 
Finished building: Practica 1.list
 

21:51:13 Build Finished. 0 errors, 0 warnings. (took 287ms)

