10:16:32 **** Incremental Build of configuration Debug for project Practica 3 ****
make -j8 all 
arm-none-eabi-gcc "../Core/Src/main.c" -mcpu=cortex-m4 -std=gnu11 -g3 -DDEBUG -DUSE_HAL_DRIVER -DSTM32F429xx -c -I../Core/Inc -I../Drivers/STM32F4xx_HAL_Driver/Inc -I../Drivers/STM32F4xx_HAL_Driver/Inc/Legacy -I../Drivers/CMSIS/Device/ST/STM32F4xx/Include -I../Drivers/CMSIS/Include -O0 -ffunction-sections -fdata-sections -Wall -fstack-usage -fcyclomatic-complexity -MMD -MP -MF"Core/Src/main.d" -MT"Core/Src/main.o" --specs=nano.specs -mfpu=fpv4-sp-d16 -mfloat-abi=hard -mthumb -o "Core/Src/main.o"
arm-none-eabi-gcc -o "Practica 3.elf" @"objects.list"   -mcpu=cortex-m4 -T"/home/ubuntu22/CESE/001ProgDeMicro/PdM_workspace/Practica 3/STM32F429ZITX_FLASH.ld" --specs=nosys.specs -Wl,-Map="Practica 3.map" -Wl,--gc-sections -static --specs=nano.specs -mfpu=fpv4-sp-d16 -mfloat-abi=hard -mthumb -Wl,--start-group -lc -lm -Wl,--end-group
Finished building target: Practica 3.elf
 
arm-none-eabi-size   Practica\ 3.elf 
arm-none-eabi-objdump -h -S  Practica\ 3.elf  > "Practica 3.list"
   text	   data	    bss	    dec	    hex	filename
   7012	     20	   1572	   8604	   219c	Practica 3.elf
Finished building: default.size.stdout
 
Finished building: Practica 3.list
 

10:16:32 Build Finished. 0 errors, 0 warnings. (took 322ms)

