03:20:57 **** Incremental Build of configuration Debug for project Practica 5 STM32F429 ****
make -j8 all 
arm-none-eabi-gcc "../Core/Src/main.c" -mcpu=cortex-m4 -std=gnu11 -g3 -DDEBUG -DUSE_HAL_DRIVER -DSTM32F429xx -c -I../Core/Inc -I../Drivers/STM32F4xx_HAL_Driver/Inc -I../Drivers/STM32F4xx_HAL_Driver/Inc/Legacy -I../Drivers/CMSIS/Device/ST/STM32F4xx/Include -I../Drivers/CMSIS/Include -I"/home/ubuntu22/CESE/001ProgDeMicro/PdM_workspace/Practica 5 STM32F429/Drivers/API/Inc" -I"/home/ubuntu22/CESE/001ProgDeMicro/PdM_workspace/Practica 5 STM32F429/Drivers/API/Src" -O0 -ffunction-sections -fdata-sections -Wall -fstack-usage -fcyclomatic-complexity -MMD -MP -MF"Core/Src/main.d" -MT"Core/Src/main.o" --specs=nano.specs -mfpu=fpv4-sp-d16 -mfloat-abi=hard -mthumb -o "Core/Src/main.o"
../Core/Src/main.c: In function 'main':
../Core/Src/main.c:115:34: warning: passing argument 1 of 'uartSendString' from incompatible pointer type [-Wincompatible-pointer-types]
  115 |                   uartSendString(&Data);
      |                                  ^~~~~
      |                                  |
      |                                  uint8_t (*)[19] {aka unsigned char (*)[19]}
In file included from ../Core/Src/main.c:24:
/home/ubuntu22/CESE/001ProgDeMicro/PdM_workspace/Practica 5 STM32F429/Drivers/API/Inc/API_uart.h:12:31: note: expected 'uint8_t *' {aka 'unsigned char *'} but argument is of type 'uint8_t (*)[19]' {aka 'unsigned char (*)[19]'}
   12 | void uartSendString(uint8_t * pstring);
      |                     ~~~~~~~~~~^~~~~~~
arm-none-eabi-gcc -o "Practica 5 STM32F429.elf" @"objects.list"   -mcpu=cortex-m4 -T"/home/ubuntu22/CESE/001ProgDeMicro/PdM_workspace/Practica 5 STM32F429/STM32F429ZITX_FLASH.ld" --specs=nosys.specs -Wl,-Map="Practica 5 STM32F429.map" -Wl,--gc-sections -static --specs=nano.specs -mfpu=fpv4-sp-d16 -mfloat-abi=hard -mthumb -Wl,--start-group -lc -lm -Wl,--end-group
Finished building target: Practica 5 STM32F429.elf
 
arm-none-eabi-size   Practica\ 5\ STM32F429.elf 
arm-none-eabi-objdump -h -S  Practica\ 5\ STM32F429.elf  > "Practica 5 STM32F429.list"
   text	   data	    bss	    dec	    hex	filename
  10220	     48	   1672	  11940	   2ea4	Practica 5 STM32F429.elf
Finished building: default.size.stdout
 
Finished building: Practica 5 STM32F429.list
 

03:20:57 Build Finished. 0 errors, 1 warnings. (took 339ms)

