20:39:29 **** Incremental Build of configuration Debug for project Proyecto Final - PCSE ****
make -j8 all 
arm-none-eabi-gcc "../Drivers/API/Src/LCD_2X16_HD44780.c" -mcpu=cortex-m4 -std=gnu11 -g3 -DDEBUG -DUSE_HAL_DRIVER -DSTM32F429xx -c -I../Core/Inc -I../Drivers/STM32F4xx_HAL_Driver/Inc -I../Drivers/STM32F4xx_HAL_Driver/Inc/Legacy -I../Drivers/CMSIS/Device/ST/STM32F4xx/Include -I../Drivers/CMSIS/Include -I"/home/ubuntu22/CESE/001ProgDeMicro/PdM_workspace/Proyecto Final - PCSE/Drivers/API/Inc" -I"/home/ubuntu22/CESE/001ProgDeMicro/PdM_workspace/Proyecto Final - PCSE/Drivers/API/Src" -O0 -ffunction-sections -fdata-sections -Wall -fstack-usage -fcyclomatic-complexity -MMD -MP -MF"Drivers/API/Src/LCD_2X16_HD44780.d" -MT"Drivers/API/Src/LCD_2X16_HD44780.o" --specs=nano.specs -mfpu=fpv4-sp-d16 -mfloat-abi=hard -mthumb -o "Drivers/API/Src/LCD_2X16_HD44780.o"
arm-none-eabi-gcc "../Drivers/API/Src/MEF.c" -mcpu=cortex-m4 -std=gnu11 -g3 -DDEBUG -DUSE_HAL_DRIVER -DSTM32F429xx -c -I../Core/Inc -I../Drivers/STM32F4xx_HAL_Driver/Inc -I../Drivers/STM32F4xx_HAL_Driver/Inc/Legacy -I../Drivers/CMSIS/Device/ST/STM32F4xx/Include -I../Drivers/CMSIS/Include -I"/home/ubuntu22/CESE/001ProgDeMicro/PdM_workspace/Proyecto Final - PCSE/Drivers/API/Inc" -I"/home/ubuntu22/CESE/001ProgDeMicro/PdM_workspace/Proyecto Final - PCSE/Drivers/API/Src" -O0 -ffunction-sections -fdata-sections -Wall -fstack-usage -fcyclomatic-complexity -MMD -MP -MF"Drivers/API/Src/MEF.d" -MT"Drivers/API/Src/MEF.o" --specs=nano.specs -mfpu=fpv4-sp-d16 -mfloat-abi=hard -mthumb -o "Drivers/API/Src/MEF.o"
arm-none-eabi-gcc "../Drivers/API/Src/SENSOR_Temp.c" -mcpu=cortex-m4 -std=gnu11 -g3 -DDEBUG -DUSE_HAL_DRIVER -DSTM32F429xx -c -I../Core/Inc -I../Drivers/STM32F4xx_HAL_Driver/Inc -I../Drivers/STM32F4xx_HAL_Driver/Inc/Legacy -I../Drivers/CMSIS/Device/ST/STM32F4xx/Include -I../Drivers/CMSIS/Include -I"/home/ubuntu22/CESE/001ProgDeMicro/PdM_workspace/Proyecto Final - PCSE/Drivers/API/Inc" -I"/home/ubuntu22/CESE/001ProgDeMicro/PdM_workspace/Proyecto Final - PCSE/Drivers/API/Src" -O0 -ffunction-sections -fdata-sections -Wall -fstack-usage -fcyclomatic-complexity -MMD -MP -MF"Drivers/API/Src/SENSOR_Temp.d" -MT"Drivers/API/Src/SENSOR_Temp.o" --specs=nano.specs -mfpu=fpv4-sp-d16 -mfloat-abi=hard -mthumb -o "Drivers/API/Src/SENSOR_Temp.o"
arm-none-eabi-gcc "../Drivers/API/Src/port_i2c.c" -mcpu=cortex-m4 -std=gnu11 -g3 -DDEBUG -DUSE_HAL_DRIVER -DSTM32F429xx -c -I../Core/Inc -I../Drivers/STM32F4xx_HAL_Driver/Inc -I../Drivers/STM32F4xx_HAL_Driver/Inc/Legacy -I../Drivers/CMSIS/Device/ST/STM32F4xx/Include -I../Drivers/CMSIS/Include -I"/home/ubuntu22/CESE/001ProgDeMicro/PdM_workspace/Proyecto Final - PCSE/Drivers/API/Inc" -I"/home/ubuntu22/CESE/001ProgDeMicro/PdM_workspace/Proyecto Final - PCSE/Drivers/API/Src" -O0 -ffunction-sections -fdata-sections -Wall -fstack-usage -fcyclomatic-complexity -MMD -MP -MF"Drivers/API/Src/port_i2c.d" -MT"Drivers/API/Src/port_i2c.o" --specs=nano.specs -mfpu=fpv4-sp-d16 -mfloat-abi=hard -mthumb -o "Drivers/API/Src/port_i2c.o"
arm-none-eabi-gcc "../Core/Src/main.c" -mcpu=cortex-m4 -std=gnu11 -g3 -DDEBUG -DUSE_HAL_DRIVER -DSTM32F429xx -c -I../Core/Inc -I../Drivers/STM32F4xx_HAL_Driver/Inc -I../Drivers/STM32F4xx_HAL_Driver/Inc/Legacy -I../Drivers/CMSIS/Device/ST/STM32F4xx/Include -I../Drivers/CMSIS/Include -I"/home/ubuntu22/CESE/001ProgDeMicro/PdM_workspace/Proyecto Final - PCSE/Drivers/API/Inc" -I"/home/ubuntu22/CESE/001ProgDeMicro/PdM_workspace/Proyecto Final - PCSE/Drivers/API/Src" -O0 -ffunction-sections -fdata-sections -Wall -fstack-usage -fcyclomatic-complexity -MMD -MP -MF"Core/Src/main.d" -MT"Core/Src/main.o" --specs=nano.specs -mfpu=fpv4-sp-d16 -mfloat-abi=hard -mthumb -o "Core/Src/main.o"
arm-none-eabi-gcc -o "Proyecto Final - PCSE.elf" @"objects.list"   -mcpu=cortex-m4 -T"/home/ubuntu22/CESE/001ProgDeMicro/PdM_workspace/Proyecto Final - PCSE/STM32F429ZITX_FLASH.ld" --specs=nosys.specs -Wl,-Map="Proyecto Final - PCSE.map" -Wl,--gc-sections -static --specs=nano.specs -mfpu=fpv4-sp-d16 -mfloat-abi=hard -mthumb -Wl,--start-group -lc -lm -Wl,--end-group
Finished building target: Proyecto Final - PCSE.elf
 
arm-none-eabi-size   Proyecto\ Final\ -\ PCSE.elf 
arm-none-eabi-objdump -h -S  Proyecto\ Final\ -\ PCSE.elf  > "Proyecto Final - PCSE.list"
   text	   data	    bss	    dec	    hex	filename
  20692	    108	   2156	  22956	   59ac	Proyecto Final - PCSE.elf
Finished building: default.size.stdout
 
Finished building: Proyecto Final - PCSE.list
 

20:39:30 Build Finished. 0 errors, 0 warnings. (took 435ms)

