20:20:19 **** Incremental Build of configuration Debug for project Proyecto Final - PdM v2 ****
make -j8 all 
arm-none-eabi-gcc "../Core/Src/main.c" -mcpu=cortex-m4 -std=gnu11 -g3 -DDEBUG -DUSE_HAL_DRIVER -DSTM32F429xx -c -I../Core/Inc -I../Drivers/STM32F4xx_HAL_Driver/Inc -I../Drivers/STM32F4xx_HAL_Driver/Inc/Legacy -I../Drivers/CMSIS/Device/ST/STM32F4xx/Include -I../Drivers/CMSIS/Include -O0 -ffunction-sections -fdata-sections -Wall -fstack-usage -fcyclomatic-complexity -MMD -MP -MF"Core/Src/main.d" -MT"Core/Src/main.o" --specs=nano.specs -mfpu=fpv4-sp-d16 -mfloat-abi=hard -mthumb -o "Core/Src/main.o"
arm-none-eabi-gcc -o "Proyecto Final - PdM v2.elf" @"objects.list"   -mcpu=cortex-m4 -T"/home/ubuntu22/CESE/001ProgDeMicro/PdM_workspace/Proyecto Final - PdM v2/STM32F429ZITX_FLASH.ld" --specs=nosys.specs -Wl,-Map="Proyecto Final - PdM v2.map" -Wl,--gc-sections -static --specs=nano.specs -mfpu=fpv4-sp-d16 -mfloat-abi=hard -mthumb -Wl,--start-group -lc -lm -Wl,--end-group
Finished building target: Proyecto Final - PdM v2.elf
 
arm-none-eabi-size   Proyecto\ Final\ -\ PdM\ v2.elf 
arm-none-eabi-objdump -h -S  Proyecto\ Final\ -\ PdM\ v2.elf  > "Proyecto Final - PdM v2.list"
   text	   data	    bss	    dec	    hex	filename
  11544	     20	   1732	  13296	   33f0	Proyecto Final - PdM v2.elf
Finished building: default.size.stdout
 
Finished building: Proyecto Final - PdM v2.list
 

20:20:19 Build Finished. 0 errors, 0 warnings. (took 343ms)

